ASxxxx Linker V03.00 + NoICE + sdld,  page 1.
Hexadecimal  [32-Bits]

Area                                    Addr        Size        Decimal Bytes (Attributes)
--------------------------------        ----        ----        ------- ----- ------------
CABS                                00000000    00000000 =           0. bytes (ABS,CON,CODE)

      Value  Global                              Global Defined In Module
      -----  --------------------------------   ------------------------
C:   00000000  l_BIT_BANK                      
C:   00000000  l_CABS                          
C:   00000000  l_GSINIT1                       
C:   00000000  l_GSINIT5                       
C:   00000000  l_IABS                          
C:   00000000  l_ISEG                          
C:   00000000  l_PSEG                          
C:   00000000  l_REG_BANK_1                    
C:   00000000  l_REG_BANK_2                    
C:   00000000  l_REG_BANK_3                    
C:   00000000  l_RSEG                          
C:   00000000  l_RSEG0                         
C:   00000000  l_RSEG1                         
C:   00000000  l_XABS                          
C:   00000000  l_XINIT                         
C:   00000000  l_XISEG                         
C:   00000000  l__CODE                         
C:   00000000  s_BSEG                          
C:   00000000  s_CABS                          
C:   00000000  s_DSEG                          
C:   00000000  s_HOME                          
C:   00000000  s_IABS                          
C:   00000000  s_ISEG                          
C:   00000000  s_REG_BANK_0                    
C:   00000000  s_RSEG                          
C:   00000000  s_RSEG0                         
C:   00000000  s_RSEG1                         
C:   00000000  s_XABS                          
C:   00000001  l_BSEG_BYTES                    
C:   00000002  l_BSEG                          
C:   00000003  l_GSFINAL                       
C:   00000003  l_GSINIT0                       
C:   00000008  l_REG_BANK_0                    
C:   00000008  s_REG_BANK_1                    
C:   0000000A  l_GSINIT2                       
C:   0000000B  l_OSEG                          
C:   00000010  s_OSEG                          
C:   00000010  s_REG_BANK_2                    
C:   00000018  s_BIT_BANK                      
C:   00000018  s_REG_BANK_3                    
C:   00000020  s_BSEG_BYTES                    
C:   00000020  s__CODE                         
C:   00000022  l_GSINIT3                       
C:   0000002A  l_GSINIT4                       
C:   00000040  l_CONST                         
C:   00000043  l_HOME                          
C:   00000043  s_GSINIT0                       
C:   00000046  s_GSINIT1                       
C:   00000046  s_GSINIT2                       
C:   0000004E  s_SSEG                          
ASxxxx Linker V03.00 + NoICE + sdld,  page 2.
Hexadecimal  [32-Bits]

Area                                    Addr        Size        Decimal Bytes (Attributes)
--------------------------------        ----        ----        ------- ----- ------------
CABS                                00000000    00000000 =           0. bytes (ABS,CON,CODE)

      Value  Global                              Global Defined In Module
      -----  --------------------------------   ------------------------
C:   00000050  s_GSINIT3                       
C:   0000006A  l_GSINIT                        
C:   00000072  s_GSINIT4                       
C:   0000007B  l_DSEG                          
C:   0000009C  s_GSINIT                        
C:   0000009C  s_GSINIT5                       
C:   000000B2  l_SSEG                          
C:   00000100  l_IRAM                          
C:   00000106  s_GSFINAL                       
C:   00000109  s_CSEG                          
C:   00000600  s_PSEG                          
C:   00000600  s_XSEG                          
C:   000007AD  l_XSEG                          
C:   00000DAD  s_XISEG                         
C:   000033D0  l_CSEG                          
C:   000034D9  s_CONST                         
C:   00003519  s_XINIT                         

ASxxxx Linker V03.00 + NoICE + sdld,  page 3.
Hexadecimal  [32-Bits]

Area                                    Addr        Size        Decimal Bytes (Attributes)
--------------------------------        ----        ----        ------- ----- ------------
.  .ABS.                            00000000    00000000 =           0. bytes (ABS,CON)

      Value  Global                              Global Defined In Module
      -----  --------------------------------   ------------------------
     00000000  .__.ABS.                           _startup
     00000000  _RxBuffer                          USBHost
     00000080  _P0                                USBHost
     00000080  _UDTR                              USBHost
     00000081  _SP                                USBHost
     00000081  _URTS                              USBHost
     00000082  _DPL                               USBHost
     00000082  _RXD_                              USBHost
     00000083  _DPH                               USBHost
     00000083  _TXD_                              USBHost
     00000084  _ROM_ADDR_L                        USBHost
     00000084  _UCTS                              USBHost
     00000085  _ROM_ADDR_H                        USBHost
     00000085  _UDSR                              USBHost
     00000086  _ROM_CTRL                          USBHost
     00000086  _URI                               USBHost
     00000087  _PCON                              USBHost
     00000087  _UDCD                              USBHost
     00000088  _IT0                               USBHost
     00000088  _TCON                              USBHost
     00000089  _IE0                               USBHost
     00000089  _TMOD                              USBHost
     0000008A  _IT1                               USBHost
     0000008A  _TL0                               USBHost
     0000008B  _IE1                               USBHost
     0000008B  _TL1                               USBHost
     0000008C  _TH0                               USBHost
     0000008C  _TR0                               USBHost
     0000008D  _TF0                               USBHost
     0000008D  _TH1                               USBHost
     0000008E  _ROM_DATA_L                        USBHost
     0000008E  _TR1                               USBHost
     0000008F  _ROM_DATA_H                        USBHost
     0000008F  _TF1                               USBHost
     00000090  _AIN0                              USBHost
     00000090  _CAP1                              USBHost
     00000090  _P1                                USBHost
     00000090  _T2                                USBHost
     00000091  _AIN1                              USBHost
     00000091  _CAP2                              USBHost
     00000091  _SER1_IER                          USBHost
     00000091  _T2EX                              USBHost
     00000092  _AIN2                              USBHost
     00000092  _CAP3                              USBHost
     00000092  _PWM3                              USBHost
     00000092  _SER1_IIR                          USBHost
     00000093  _AIN3                              USBHost
     00000093  _SER1_LCR                          USBHost
     00000094  _AIN4                              USBHost
     00000094  _SCS                               USBHost
ASxxxx Linker V03.00 + NoICE + sdld,  page 4.
Hexadecimal  [32-Bits]

Area                                    Addr        Size        Decimal Bytes (Attributes)
--------------------------------        ----        ----        ------- ----- ------------
.  .ABS.                            00000000    00000000 =           0. bytes (ABS,CON)

      Value  Global                              Global Defined In Module
      -----  --------------------------------   ------------------------
     00000094  _SER1_MCR                          USBHost
     00000095  _AIN5                              USBHost
     00000095  _MOSI                              USBHost
     00000095  _SER1_LSR                          USBHost
     00000096  _AIN6                              USBHost
     00000096  _MISO                              USBHost
     00000096  _SER1_MSR                          USBHost
     00000097  _AIN7                              USBHost
     00000097  _SCK                               USBHost
     00000097  _SER1_ADDR                         USBHost
     00000098  _RI                                USBHost
     00000098  _SCON                              USBHost
     00000099  _SBUF                              USBHost
     00000099  _TI                                USBHost
     0000009A  _RB8                               USBHost
     0000009A  _SER1_FIFO                         USBHost
     0000009B  _PWM_DATA2                         USBHost
     0000009B  _TB8                               USBHost
     0000009C  _PWM_DATA                          USBHost
     0000009C  _REN                               USBHost
     0000009D  _PWM_CTRL                          USBHost
     0000009D  _SM2                               USBHost
     0000009E  _PWM_CK_SE                         USBHost
     0000009E  _SM1                               USBHost
     0000009F  _PWM_CYCLE                         USBHost
     0000009F  _SM0                               USBHost
     000000A0  _P2                                USBHost
     000000A0  __XPAGE                            
     000000A1  _MOSI1                             USBHost
     000000A1  _SAFE_MOD                          USBHost
     000000A2  _MISO1                             USBHost
     000000A2  _XBUS_AUX                          USBHost
     000000A3  _SCK1                              USBHost
     000000A3  _T3_SETUP                          USBHost
     000000A4  _PWM1                              USBHost
     000000A4  _T3_COUNT_L                        USBHost
     000000A5  _CAP2_                             USBHost
     000000A5  _PWM2                              USBHost
     000000A5  _T2EX_                             USBHost
     000000A5  _T3_COUNT_H                        USBHost
     000000A5  _TNOW                              USBHost
     000000A6  _RXD1                              USBHost
     000000A6  _T3_END_L                          USBHost
     000000A7  _DA7                               USBHost
     000000A7  _T3_END_H                          USBHost
     000000A7  _TXD1                              USBHost
     000000A8  _EX0                               USBHost
     000000A8  _IE                                USBHost
     000000A9  _ET0                               USBHost
     000000A9  _T3_STAT                           USBHost
     000000AA  _EX1                               USBHost
ASxxxx Linker V03.00 + NoICE + sdld,  page 5.
Hexadecimal  [32-Bits]

Area                                    Addr        Size        Decimal Bytes (Attributes)
--------------------------------        ----        ----        ------- ----- ------------
.  .ABS.                            00000000    00000000 =           0. bytes (ABS,CON)

      Value  Global                              Global Defined In Module
      -----  --------------------------------   ------------------------
     000000AA  _T3_CTRL                           USBHost
     000000AB  _ET1                               USBHost
     000000AB  _T3_DMA_CN                         USBHost
     000000AC  _ES                                USBHost
     000000AC  _T3_DMA_AL                         USBHost
     000000AD  _ET2                               USBHost
     000000AD  _T3_DMA_AH                         USBHost
     000000AE  _E_DIS                             USBHost
     000000AE  _T3_FIFO_L                         USBHost
     000000AF  _EA                                USBHost
     000000AF  _T3_FIFO_H                         USBHost
     000000B0  _P3                                USBHost
     000000B0  _RXD                               USBHost
     000000B1  _GLOBAL_CFG                        USBHost
     000000B1  _TXD                               USBHost
     000000B2  _INT0                              USBHost
     000000B2  _LED0                              USBHost
     000000B2  _PLL_CFG                           USBHost
     000000B3  _CLOCK_CFG                         USBHost
     000000B3  _INT1                              USBHost
     000000B3  _LED1                              USBHost
     000000B4  _LEDC                              USBHost
     000000B4  _SPI1_STAT                         USBHost
     000000B4  _T0                                USBHost
     000000B4  _XCS0                              USBHost
     000000B5  _DA6                               USBHost
     000000B5  _SPI1_DATA                         USBHost
     000000B5  _T1                                USBHost
     000000B6  _SPI1_CTRL                         USBHost
     000000B6  _WR                                USBHost
     000000B7  _RD                                USBHost
     000000B7  _SPI1_CK_SE                        USBHost
     000000B8  _IP                                USBHost
     000000B8  _PX0                               USBHost
     000000B9  _P1_IE                             USBHost
     000000B9  _PT0                               USBHost
     000000BA  _P1_DIR                            USBHost
     000000BA  _PX1                               USBHost
     000000BB  _P1_PU                             USBHost
     000000BB  _PT1                               USBHost
     000000BC  _P2_DIR                            USBHost
     000000BC  _PS                                USBHost
     000000BD  _P2_PU                             USBHost
     000000BD  _PT2                               USBHost
     000000BE  _P3_DIR                            USBHost
     000000BE  _PL_FLAG                           USBHost
     000000BF  _P3_PU                             USBHost
     000000BF  _PH_FLAG                           USBHost
     000000C0  _LED2                              USBHost
     000000C0  _P4_OUT                            USBHost
     000000C0  _RXD1_                             USBHost
ASxxxx Linker V03.00 + NoICE + sdld,  page 6.
Hexadecimal  [32-Bits]

Area                                    Addr        Size        Decimal Bytes (Attributes)
--------------------------------        ----        ----        ------- ----- ------------
.  .ABS.                            00000000    00000000 =           0. bytes (ABS,CON)

      Value  Global                              Global Defined In Module
      -----  --------------------------------   ------------------------
     000000C1  _P4_IN                             USBHost
     000000C2  _CAP3_                             USBHost
     000000C2  _P4_DIR                            USBHost
     000000C2  _PWM3_                             USBHost
     000000C3  _P4_PU                             USBHost
     000000C3  _PWM1_                             USBHost
     000000C4  _LED3                              USBHost
     000000C4  _P0_DIR                            USBHost
     000000C4  _TNOW_                             USBHost
     000000C4  _TXD1_                             USBHost
     000000C5  _P0_PU                             USBHost
     000000C5  _PWM2_                             USBHost
     000000C6  _PORT_CFG                          USBHost
     000000C6  _SCS_                              USBHost
     000000C7  _P5_IN                             USBHost
     000000C7  _SCK_                              USBHost
     000000C8  _CP_RL2                            USBHost
     000000C8  _T2CON                             USBHost
     000000C9  _C_T2                              USBHost
     000000C9  _T2MOD                             USBHost
     000000CA  _RCAP2L                            USBHost
     000000CA  _TR2                               USBHost
     000000CB  _EXEN2                             USBHost
     000000CB  _RCAP2H                            USBHost
     000000CC  _TCLK                              USBHost
     000000CC  _TL2                               USBHost
     000000CD  _RCLK                              USBHost
     000000CD  _TH2                               USBHost
     000000CE  _EXF2                              USBHost
     000000CE  _PIN_FUNC                          USBHost
     000000CF  _CAP1F                             USBHost
     000000CF  _GPIO_IE                           USBHost
     000000CF  _TF2                               USBHost
     000000D0  _P                                 USBHost
     000000D0  _PSW                               USBHost
     000000D1  _F1                                USBHost
     000000D1  _USB_RX_LEN                        USBHost
     000000D2  _OV                                USBHost
     000000D2  _UEP1_CTRL                         USBHost
     000000D3  _RS0                               USBHost
     000000D3  _UEP1_T_LEN                        USBHost
     000000D4  _RS1                               USBHost
     000000D4  _UEP2_CTRL                         USBHost
     000000D5  _F0                                USBHost
     000000D5  _UEP2_T_LEN                        USBHost
     000000D6  _AC                                USBHost
     000000D6  _UEP3_CTRL                         USBHost
     000000D7  _CY                                USBHost
     000000D7  _UEP3_T_LEN                        USBHost
     000000D8  _UIF_BUS_RST                       USBHost
     000000D8  _UIF_DETECT                        USBHost
ASxxxx Linker V03.00 + NoICE + sdld,  page 7.
Hexadecimal  [32-Bits]

Area                                    Addr        Size        Decimal Bytes (Attributes)
--------------------------------        ----        ----        ------- ----- ------------
.  .ABS.                            00000000    00000000 =           0. bytes (ABS,CON)

      Value  Global                              Global Defined In Module
      -----  --------------------------------   ------------------------
     000000D8  _USB_INT_FG                        USBHost
     000000D9  _UIF_TRANSFER                      USBHost
     000000D9  _USB_INT_ST                        USBHost
     000000DA  _UIF_SUSPEND                       USBHost
     000000DA  _USB_MIS_ST                        USBHost
     000000DB  _UIF_HST_SOF                       USBHost
     000000DB  _USB_HUB_ST                        USBHost
     000000DC  _UEP0_CTRL                         USBHost
     000000DC  _UIF_FIFO_OV                       USBHost
     000000DD  _UEP0_T_LEN                        USBHost
     000000DD  _U_SIE_FREE                        USBHost
     000000DE  _UEP4_CTRL                         USBHost
     000000DE  _U_TOG_OK                          USBHost
     000000DF  _UEP4_T_LEN                        USBHost
     000000DF  _U_IS_NAK                          USBHost
     000000E0  _ACC                               USBHost
     000000E1  _USB_INT_EN                        USBHost
     000000E2  _USB_CTRL                          USBHost
     000000E3  _USB_DEV_AD                        USBHost
     000000E4  _UDEV_CTRL                         USBHost
     000000E5  _UHUB1_CTRL                        USBHost
     000000E6  _USB_DMA_AL                        USBHost
     000000E7  _USB_DMA_AH                        USBHost
     000000E8  _IE_EX                             USBHost
     000000E8  _IE_SPI0                           USBHost
     000000E9  _IE_TMR3                           USBHost
     000000E9  _IP_EX                             USBHost
     000000EA  _IE_USB                            USBHost
     000000EA  _SLEEP_CTRL                        USBHost
     000000EB  _IE_ADC                            USBHost
     000000EB  _WAKE_CTRL                         USBHost
     000000EC  _ADC_DMA_AL                        USBHost
     000000EC  _IE_UART1                          USBHost
     000000ED  _ADC_DMA_AH                        USBHost
     000000ED  _IE_PWM1                           USBHost
     000000EE  _ADC_DMA_CN                        USBHost
     000000EE  _IE_GPIO                           USBHost
     000000EF  _ADC_CK_SE                         USBHost
     000000EF  _IE_WDOG                           USBHost
     000000F0  _B                                 USBHost
     000000F1  _ADC_STAT                          USBHost
     000000F2  _ADC_CTRL                          USBHost
     000000F3  _ADC_CHANN                         USBHost
     000000F4  _ADC_FIFO_L                        USBHost
     000000F5  _ADC_FIFO_H                        USBHost
     000000F5  _B_5                               _gptrget
     000000F6  _ADC_SETUP                         USBHost
     000000F6  _B_6                               _gptrget
     000000F7  _ADC_EX_SW                         USBHost
     000000F7  _B_7                               _gptrget
     000000F8  _S0_R_FIFO0                        USBHost
ASxxxx Linker V03.00 + NoICE + sdld,  page 8.
Hexadecimal  [32-Bits]

Area                                    Addr        Size        Decimal Bytes (Attributes)
--------------------------------        ----        ----        ------- ----- ------------
.  .ABS.                            00000000    00000000 =           0. bytes (ABS,CON)

      Value  Global                              Global Defined In Module
      -----  --------------------------------   ------------------------
     000000F8  _SPI0_STAT                         USBHost
     000000F9  _S0_R_FIFO1                        USBHost
     000000F9  _SPI0_DATA                         USBHost
     000000FA  _S0_T_FIFO                         USBHost
     000000FA  _SPI0_CTRL                         USBHost
     000000FB  _S0_FREE                           USBHost
     000000FB  _SPI0_CK_SE                        USBHost
     000000FC  _S0_IF_BYTE                        USBHost
     000000FC  _SPI0_SETUP                        USBHost
     000000FD  _S0_IF_FIRST                       USBHost
     000000FD  _XBUS_SPEED                        USBHost
     000000FE  _RESET_KEEP                        USBHost
     000000FE  _S0_IF_OV                          USBHost
     000000FF  _S0_FST_ACT                        USBHost
     000000FF  _WDOG_COUNT                        USBHost
     00000100  _TxBuffer                          USBHost
     00002446  _UEP4_1_MOD                        USBHost
     00002447  _UEP2_3_MOD                        USBHost
     00002448  _UEP0_DMA_H                        USBHost
     00002449  _UEP0_DMA_L                        USBHost
     0000244A  _UEP1_DMA_H                        USBHost
     0000244B  _UEP1_DMA_L                        USBHost
     0000244C  _UEP2_DMA                          USBHost
     0000244C  _UEP2_DMA_H                        USBHost
     0000244D  _UEP2_DMA_L                        USBHost
     0000244E  _UEP3_DMA                          USBHost
     0000244E  _UEP3_DMA_H                        USBHost
     0000244F  _UEP3_DMA_L                        USBHost
     00002546  _pUEP4_1_MOD                       USBHost
     00002547  _pUEP2_3_MOD                       USBHost
     00002548  _pUEP0_DMA_H                       USBHost
     00002549  _pUEP0_DMA_L                       USBHost
     0000254A  _pUEP1_DMA_H                       USBHost
     0000254B  _pUEP1_DMA_L                       USBHost
     0000254C  _pUEP2_DMA_H                       USBHost
     0000254D  _pUEP2_DMA_L                       USBHost
     0000254E  _pUEP3_DMA_H                       USBHost
     0000254F  _pUEP3_DMA_L                       USBHost
     00002880  _LED_STAT                          USBHost
     00002881  _LED_CTRL                          USBHost
     00002882  _LED_DATA                          USBHost
     00002883  _LED_CK_SE                         USBHost
     00002884  _LED_DMA_AH                        USBHost
     00002885  _LED_DMA_AL                        USBHost
     00002886  _LED_DMA_CN                        USBHost
     00002888  _LED_DMA_XH                        USBHost
     00002889  _LED_DMA_XL                        USBHost
     00002980  _pLED_STAT                         USBHost
     00002981  _pLED_CTRL                         USBHost
     00002982  _pLED_DATA                         USBHost
     00002983  _pLED_CK_SE                        USBHost
ASxxxx Linker V03.00 + NoICE + sdld,  page 9.
Hexadecimal  [32-Bits]

Area                                    Addr        Size        Decimal Bytes (Attributes)
--------------------------------        ----        ----        ------- ----- ------------
.  .ABS.                            00000000    00000000 =           0. bytes (ABS,CON)

      Value  Global                              Global Defined In Module
      -----  --------------------------------   ------------------------
     00002984  _pLED_DMA_AH                       USBHost
     00002985  _pLED_DMA_AL                       USBHost
     00002986  _pLED_DMA_CN                       USBHost
     00002988  _pLED_DMA_XH                       USBHost
     00002989  _pLED_DMA_XL                       USBHost
     00008584  _ROM_ADDR                          USBHost
     00008F8E  _ROM_DATA                          USBHost
     0000A5A4  _T3_COUNT                          USBHost
     0000A7A6  _T3_END                            USBHost
     0000ADAC  _T3_DMA                            USBHost
     0000AFAE  _T3_FIFO                           USBHost
     0000CBCA  _RCAP2                             USBHost
     0000CDCC  _T2COUNT                           USBHost
     0000E7E6  _USB_DMA                           USBHost
     0000EDEC  _ADC_DMA                           USBHost
     0000F5F4  _ADC_FIFO                          USBHost
ASxxxx Linker V03.00 + NoICE + sdld,  page 10.
Hexadecimal  [32-Bits]

Area                                    Addr        Size        Decimal Bytes (Attributes)
--------------------------------        ----        ----        ------- ----- ------------
BSEG_BYTES                          00000020    00000001 =           1. bytes (REL,CON)

      Value  Global                              Global Defined In Module
      -----  --------------------------------   ------------------------
ASxxxx Linker V03.00 + NoICE + sdld,  page 11.
Hexadecimal  [32-Bits]

Area                                    Addr        Size        Decimal Bytes (Attributes)
--------------------------------        ----        ----        ------- ----- ------------
REG_BANK_0                          00000000    00000008 =           8. bytes (REL,OVR)

      Value  Global                              Global Defined In Module
      -----  --------------------------------   ------------------------
ASxxxx Linker V03.00 + NoICE + sdld,  page 12.
Hexadecimal  [32-Bits]

Area                                    Addr        Size        Decimal Bytes (Attributes)
--------------------------------        ----        ----        ------- ----- ------------
DSEG                                00000000    0000007B =         123. bytes (REL,CON)

      Value  Global                              Global Defined In Module
      -----  --------------------------------   ------------------------
     0000000E  _runBootloader                     util

ASxxxx Linker V03.00 + NoICE + sdld,  page 13.
Hexadecimal  [32-Bits]

Area                                    Addr        Size        Decimal Bytes (Attributes)
--------------------------------        ----        ----        ------- ----- ------------
OSEG                                00000010    0000000B =          11. bytes (REL,OVR)

      Value  Global                              Global Defined In Module
      -----  --------------------------------   ------------------------
ASxxxx Linker V03.00 + NoICE + sdld,  page 14.
Hexadecimal  [32-Bits]

Area                                    Addr        Size        Decimal Bytes (Attributes)
--------------------------------        ----        ----        ------- ----- ------------
SSEG                                0000004E    000000B2 =         178. bytes (REL,OVR)

      Value  Global                              Global Defined In Module
      -----  --------------------------------   ------------------------
     0000004E  __start__stack                     main

ASxxxx Linker V03.00 + NoICE + sdld,  page 15.
Hexadecimal  [32-Bits]

Area                                    Addr        Size        Decimal Bytes (Attributes)
--------------------------------        ----        ----        ------- ----- ------------
XSEG                                00000600    000007AD =        1965. bytes (REL,CON,XDATA)

      Value  Global                              Global Defined In Module
      -----  --------------------------------   ------------------------
D:   00000847  _endpoint0Size                     USBHost
D:   00000848  _receiveDataBuffer                 USBHost
D:   00000A48  _HIDdevice                         USBHost
D:   00000AF8  _VendorProductID                   USBHost
D:   00000B18  _rootHubDevice                     USBHost
D:   00000B57  _pollHIDdevice_PARM_2              USBHost
D:   00000B5A  _pollHIDdevice_PARM_3              USBHost
D:   00000B5D  _pollHIDdevice_PARM_4              USBHost
D:   00000D9A  __divulong_PARM_2                  _divulong
D:   00000DA7  _memset_PARM_2                     _memset
D:   00000DA8  _memset_PARM_3                     _memset
D:   00000DAA  __gptrput_PARM_2                   _gptrput
D:   00000DAB  __mulint_PARM_2                    _mulint

ASxxxx Linker V03.00 + NoICE + sdld,  page 16.
Hexadecimal  [32-Bits]

Area                                    Addr        Size        Decimal Bytes (Attributes)
--------------------------------        ----        ----        ------- ----- ------------
HOME                                00000000    00000043 =          67. bytes (REL,CON,CODE)

      Value  Global                              Global Defined In Module
      -----  --------------------------------   ------------------------
C:   0000003E  __sdcc_program_startup             main
C:   00000041  __sdcc_call_dptr                   

ASxxxx Linker V03.00 + NoICE + sdld,  page 17.
Hexadecimal  [32-Bits]

Area                                    Addr        Size        Decimal Bytes (Attributes)
--------------------------------        ----        ----        ------- ----- ------------
GSINIT0                             00000043    00000003 =           3. bytes (REL,CON,CODE)

      Value  Global                              Global Defined In Module
      -----  --------------------------------   ------------------------
C:   00000043  __sdcc_gsinit_startup              

ASxxxx Linker V03.00 + NoICE + sdld,  page 18.
Hexadecimal  [32-Bits]

Area                                    Addr        Size        Decimal Bytes (Attributes)
--------------------------------        ----        ----        ------- ----- ------------
GSINIT2                             00000046    0000000A =          10. bytes (REL,CON,CODE)

      Value  Global                              Global Defined In Module
      -----  --------------------------------   ------------------------
ASxxxx Linker V03.00 + NoICE + sdld,  page 19.
Hexadecimal  [32-Bits]

Area                                    Addr        Size        Decimal Bytes (Attributes)
--------------------------------        ----        ----        ------- ----- ------------
GSINIT3                             00000050    00000022 =          34. bytes (REL,CON,CODE)

      Value  Global                              Global Defined In Module
      -----  --------------------------------   ------------------------
C:   00000050  __mcs51_genXINIT                   

ASxxxx Linker V03.00 + NoICE + sdld,  page 20.
Hexadecimal  [32-Bits]

Area                                    Addr        Size        Decimal Bytes (Attributes)
--------------------------------        ----        ----        ------- ----- ------------
GSINIT4                             00000072    0000002A =          42. bytes (REL,CON,CODE)

      Value  Global                              Global Defined In Module
      -----  --------------------------------   ------------------------
C:   00000072  __mcs51_genRAMCLEAR                
C:   00000078  __mcs51_genXRAMCLEAR               

ASxxxx Linker V03.00 + NoICE + sdld,  page 21.
Hexadecimal  [32-Bits]

Area                                    Addr        Size        Decimal Bytes (Attributes)
--------------------------------        ----        ----        ------- ----- ------------
GSINIT                              0000009C    0000006A =         106. bytes (REL,CON,CODE)

      Value  Global                              Global Defined In Module
      -----  --------------------------------   ------------------------
ASxxxx Linker V03.00 + NoICE + sdld,  page 22.
Hexadecimal  [32-Bits]

Area                                    Addr        Size        Decimal Bytes (Attributes)
--------------------------------        ----        ----        ------- ----- ------------
GSFINAL                             00000106    00000003 =           3. bytes (REL,CON,CODE)

      Value  Global                              Global Defined In Module
      -----  --------------------------------   ------------------------
ASxxxx Linker V03.00 + NoICE + sdld,  page 23.
Hexadecimal  [32-Bits]

Area                                    Addr        Size        Decimal Bytes (Attributes)
--------------------------------        ----        ----        ------- ----- ------------
CSEG                                00000109    000033D0 =       13264. bytes (REL,CON,CODE)

      Value  Global                              Global Defined In Module
      -----  --------------------------------   ------------------------
C:   00000401  _putchar                           main
C:   00000420  _getchar                           main
C:   0000042E  _processUart                       main
C:   0000042F  _flash_led                         main
C:   00000E3E  _main                              main
C:   000015E7  _delayUs                           util
C:   0000163C  _delay                             util
C:   000018B5  _initUSB_Host                      USBHost
C:   000021F0  _resetHubDevices                   USBHost
C:   00002298  _pollHIDdevice                     USBHost
C:   000032B8  _checkRootHubConnections           USBHost
C:   00003362  __divulong                         _divulong
C:   00003456  _memset                            _memset
C:   0000347E  __gptrput                          _gptrput
C:   00003499  __mulint                           _mulint
C:   000034B9  __gptrget                          _gptrget
C:   000034D5  __sdcc_external_startup            _startup

ASxxxx Linker V03.00 + NoICE + sdld,  page 24.
Hexadecimal  [32-Bits]

Area                                    Addr        Size        Decimal Bytes (Attributes)
--------------------------------        ----        ----        ------- ----- ------------
CONST                               000034D9    00000040 =          64. bytes (REL,CON,CODE)

      Value  Global                              Global Defined In Module
      -----  --------------------------------   ------------------------
C:   000034D9  _GetDeviceDescriptorRequest        USBHost
C:   000034E1  _GetConfigurationDescriptorReque   USBHost
C:   000034E9  _GetInterfaceDescriptorRequest     USBHost
C:   000034F1  _SetUSBAddressRequest              USBHost
C:   000034F9  _GetDeviceStringRequest            USBHost
C:   00003501  _SetupSetUsbConfig                 USBHost
C:   00003509  _SetHIDIdleRequest                 USBHost
C:   00003511  _GetHIDReport                      USBHost

ASxxxx Linker V03.00 + NoICE + sdld,  page 25.

Files Linked                              [ module(s) ]

build/main.rel                            [  ]
build/util.rel                            [  ]
build/USBHost.rel                         [  ]


Libraries Linked                          [ object file ]

/usr/bin/../share/sdcc/lib/large/liblong.lib
                                          [ _divulong.rel ]
/usr/bin/../share/sdcc/lib/large/mcs51.lib
                                          [ crtclear.rel ]
/usr/bin/../share/sdcc/lib/large/libsdcc.lib
                                          [ _memset.rel ]
/usr/bin/../share/sdcc/lib/large/mcs51.lib
                                          [ crtxinit.rel ]
/usr/bin/../share/sdcc/lib/large/libsdcc.lib
                                          [ _gptrput.rel ]
/usr/bin/../share/sdcc/lib/large/libint.lib
                                          [ _mulint.rel ]
/usr/bin/../share/sdcc/lib/large/mcs51.lib
                                          [ crtxclear.rel ]
/usr/bin/../share/sdcc/lib/large/mcs51.lib
                                          [ crtcall.rel ]
/usr/bin/../share/sdcc/lib/large/mcs51.lib
                                          [ crtpagesfr.rel ]
/usr/bin/../share/sdcc/lib/large/mcs51.lib
                                          [ crtstart.rel ]
/usr/bin/../share/sdcc/lib/large/libsdcc.lib
                                          [ _gptrget.rel ]
/usr/bin/../share/sdcc/lib/large/libsdcc.lib
                                          [ _startup.rel ]

ASxxxx Linker V03.00 + NoICE + sdld,  page 26.

User Base Address Definitions

HOME = 0x0000
XSEG = 0x0600
PSEG = 0x0600
ISEG = 0x0000
BSEG = 0x0000

