ASxxxx Linker V03.00 + NoICE + sdld,  page 1.
Hexadecimal  [32-Bits]

Area                                    Addr        Size        Decimal Bytes (Attributes)
--------------------------------        ----        ----        ------- ----- ------------
CABS                                00000000    00000000 =           0. bytes (ABS,CON,CODE)

      Value  Global                              Global Defined In Module
      -----  --------------------------------   ------------------------
C:   00000000  l_BIT_BANK                      
C:   00000000  l_CABS                          
C:   00000000  l_GSINIT1                       
C:   00000000  l_GSINIT5                       
C:   00000000  l_IABS                          
C:   00000000  l_ISEG                          
C:   00000000  l_PSEG                          
C:   00000000  l_REG_BANK_1                    
C:   00000000  l_REG_BANK_2                    
C:   00000000  l_REG_BANK_3                    
C:   00000000  l_RSEG                          
C:   00000000  l_RSEG0                         
C:   00000000  l_RSEG1                         
C:   00000000  l_XABS                          
C:   00000000  l__CODE                         
C:   00000000  s_BSEG                          
C:   00000000  s_CABS                          
C:   00000000  s_DSEG                          
C:   00000000  s_HOME                          
C:   00000000  s_IABS                          
C:   00000000  s_ISEG                          
C:   00000000  s_REG_BANK_0                    
C:   00000000  s_RSEG                          
C:   00000000  s_RSEG0                         
C:   00000000  s_RSEG1                         
C:   00000000  s_XABS                          
C:   00000001  l_BSEG_BYTES                    
C:   00000001  l_XINIT                         
C:   00000001  l_XISEG                         
C:   00000002  l_BSEG                          
C:   00000003  l_GSFINAL                       
C:   00000003  l_GSINIT0                       
C:   00000004  l_OSEG                          
C:   00000008  l_REG_BANK_0                    
C:   00000008  s_REG_BANK_1                    
C:   0000000A  l_GSINIT2                       
C:   00000010  s_REG_BANK_2                    
C:   00000015  s_OSEG                          
C:   00000018  s_BIT_BANK                      
C:   00000018  s_REG_BANK_3                    
C:   00000020  s_BSEG_BYTES                    
C:   00000020  s__CODE                         
C:   00000022  l_GSINIT                        
C:   00000022  l_GSINIT3                       
C:   0000002A  l_GSINIT4                       
C:   00000043  l_HOME                          
C:   00000043  s_GSINIT0                       
C:   00000046  s_GSINIT1                       
C:   00000046  s_GSINIT2                       
C:   00000050  s_GSINIT3                       
ASxxxx Linker V03.00 + NoICE + sdld,  page 2.
Hexadecimal  [32-Bits]

Area                                    Addr        Size        Decimal Bytes (Attributes)
--------------------------------        ----        ----        ------- ----- ------------
CABS                                00000000    00000000 =           0. bytes (ABS,CON,CODE)

      Value  Global                              Global Defined In Module
      -----  --------------------------------   ------------------------
C:   00000051  s_SSEG                          
C:   00000072  s_GSINIT4                       
C:   00000079  l_DSEG                          
C:   0000009C  s_GSINIT                        
C:   0000009C  s_GSINIT5                       
C:   000000AF  l_SSEG                          
C:   000000BE  s_GSFINAL                       
C:   000000C1  s_CSEG                          
C:   00000100  l_IRAM                          
C:   00000600  s_PSEG                          
C:   00000600  s_XSEG                          
C:   0000065A  l_CONST                         
C:   000006DF  l_XSEG                          
C:   00000CDF  s_XISEG                         
C:   00004BA3  l_CSEG                          
C:   00004C64  s_CONST                         
C:   000052BE  s_XINIT                         

ASxxxx Linker V03.00 + NoICE + sdld,  page 3.
Hexadecimal  [32-Bits]

Area                                    Addr        Size        Decimal Bytes (Attributes)
--------------------------------        ----        ----        ------- ----- ------------
.  .ABS.                            00000000    00000000 =           0. bytes (ABS,CON)

      Value  Global                              Global Defined In Module
      -----  --------------------------------   ------------------------
     00000000  .__.ABS.                           _bp
     00000000  _RxBuffer                          USBHost
     00000080  _P0                                uart
     00000080  _UDTR                              uart
     00000081  _SP                                uart
     00000081  _URTS                              uart
     00000082  _DPL                               uart
     00000082  _RXD_                              uart
     00000083  _DPH                               uart
     00000083  _TXD_                              uart
     00000084  _ROM_ADDR_L                        uart
     00000084  _UCTS                              uart
     00000085  _ROM_ADDR_H                        uart
     00000085  _UDSR                              uart
     00000086  _ROM_CTRL                          uart
     00000086  _URI                               uart
     00000087  _PCON                              uart
     00000087  _UDCD                              uart
     00000088  _IT0                               uart
     00000088  _TCON                              uart
     00000089  _IE0                               uart
     00000089  _TMOD                              uart
     0000008A  _IT1                               uart
     0000008A  _TL0                               uart
     0000008B  _IE1                               uart
     0000008B  _TL1                               uart
     0000008C  _TH0                               uart
     0000008C  _TR0                               uart
     0000008D  _TF0                               uart
     0000008D  _TH1                               uart
     0000008E  _ROM_DATA_L                        uart
     0000008E  _TR1                               uart
     0000008F  _ROM_DATA_H                        uart
     0000008F  _TF1                               uart
     00000090  _AIN0                              uart
     00000090  _CAP1                              uart
     00000090  _P1                                uart
     00000090  _T2                                uart
     00000091  _AIN1                              uart
     00000091  _CAP2                              uart
     00000091  _SER1_IER                          uart
     00000091  _T2EX                              uart
     00000092  _AIN2                              uart
     00000092  _CAP3                              uart
     00000092  _PWM3                              uart
     00000092  _SER1_IIR                          uart
     00000093  _AIN3                              uart
     00000093  _SER1_LCR                          uart
     00000094  _AIN4                              uart
     00000094  _SCS                               uart
ASxxxx Linker V03.00 + NoICE + sdld,  page 4.
Hexadecimal  [32-Bits]

Area                                    Addr        Size        Decimal Bytes (Attributes)
--------------------------------        ----        ----        ------- ----- ------------
.  .ABS.                            00000000    00000000 =           0. bytes (ABS,CON)

      Value  Global                              Global Defined In Module
      -----  --------------------------------   ------------------------
     00000094  _SER1_MCR                          uart
     00000095  _AIN5                              uart
     00000095  _MOSI                              uart
     00000095  _SER1_LSR                          uart
     00000096  _AIN6                              uart
     00000096  _LED                               USBHost
     00000096  _MISO                              uart
     00000096  _SER1_MSR                          uart
     00000097  _AIN7                              uart
     00000097  _SCK                               uart
     00000097  _SER1_ADDR                         uart
     00000098  _RI                                uart
     00000098  _SCON                              uart
     00000099  _SBUF                              uart
     00000099  _TI                                uart
     0000009A  _RB8                               uart
     0000009A  _SER1_FIFO                         uart
     0000009B  _PWM_DATA2                         uart
     0000009B  _TB8                               uart
     0000009C  _PWM_DATA                          uart
     0000009C  _REN                               uart
     0000009D  _PWM_CTRL                          uart
     0000009D  _SM2                               uart
     0000009E  _PWM_CK_SE                         uart
     0000009E  _SM1                               uart
     0000009F  _PWM_CYCLE                         uart
     0000009F  _SM0                               uart
     000000A0  _P2                                uart
     000000A0  __XPAGE                            
     000000A1  _MOSI1                             uart
     000000A1  _SAFE_MOD                          uart
     000000A2  _MISO1                             uart
     000000A2  _XBUS_AUX                          uart
     000000A3  _SCK1                              uart
     000000A3  _T3_SETUP                          uart
     000000A4  _PWM1                              uart
     000000A4  _T3_COUNT_L                        uart
     000000A5  _CAP2_                             uart
     000000A5  _PWM2                              uart
     000000A5  _T2EX_                             uart
     000000A5  _T3_COUNT_H                        uart
     000000A5  _TNOW                              uart
     000000A6  _RXD1                              uart
     000000A6  _T3_END_L                          uart
     000000A7  _DA7                               uart
     000000A7  _T3_END_H                          uart
     000000A7  _TXD1                              uart
     000000A8  _EX0                               uart
     000000A8  _IE                                uart
     000000A9  _ET0                               uart
     000000A9  _T3_STAT                           uart
ASxxxx Linker V03.00 + NoICE + sdld,  page 5.
Hexadecimal  [32-Bits]

Area                                    Addr        Size        Decimal Bytes (Attributes)
--------------------------------        ----        ----        ------- ----- ------------
.  .ABS.                            00000000    00000000 =           0. bytes (ABS,CON)

      Value  Global                              Global Defined In Module
      -----  --------------------------------   ------------------------
     000000AA  _EX1                               uart
     000000AA  _T3_CTRL                           uart
     000000AB  _ET1                               uart
     000000AB  _T3_DMA_CN                         uart
     000000AC  _ES                                uart
     000000AC  _T3_DMA_AL                         uart
     000000AD  _ET2                               uart
     000000AD  _T3_DMA_AH                         uart
     000000AE  _E_DIS                             uart
     000000AE  _T3_FIFO_L                         uart
     000000AF  _EA                                uart
     000000AF  _T3_FIFO_H                         uart
     000000B0  _P3                                uart
     000000B0  _RXD                               uart
     000000B1  _GLOBAL_CFG                        uart
     000000B1  _TXD                               uart
     000000B2  _INT0                              uart
     000000B2  _LED0                              uart
     000000B2  _PLL_CFG                           uart
     000000B3  _CLOCK_CFG                         uart
     000000B3  _INT1                              uart
     000000B3  _LED1                              uart
     000000B4  _LEDC                              uart
     000000B4  _SPI1_STAT                         uart
     000000B4  _T0                                uart
     000000B4  _XCS0                              uart
     000000B5  _DA6                               uart
     000000B5  _SPI1_DATA                         uart
     000000B5  _T1                                uart
     000000B6  _SPI1_CTRL                         uart
     000000B6  _WR                                uart
     000000B7  _RD                                uart
     000000B7  _SPI1_CK_SE                        uart
     000000B8  _IP                                uart
     000000B8  _PX0                               uart
     000000B9  _P1_IE                             uart
     000000B9  _PT0                               uart
     000000BA  _P1_DIR                            uart
     000000BA  _PX1                               uart
     000000BB  _P1_PU                             uart
     000000BB  _PT1                               uart
     000000BC  _P2_DIR                            uart
     000000BC  _PS                                uart
     000000BD  _P2_PU                             uart
     000000BD  _PT2                               uart
     000000BE  _P3_DIR                            uart
     000000BE  _PL_FLAG                           uart
     000000BF  _P3_PU                             uart
     000000BF  _PH_FLAG                           uart
     000000C0  _LED2                              uart
     000000C0  _P4_OUT                            uart
ASxxxx Linker V03.00 + NoICE + sdld,  page 6.
Hexadecimal  [32-Bits]

Area                                    Addr        Size        Decimal Bytes (Attributes)
--------------------------------        ----        ----        ------- ----- ------------
.  .ABS.                            00000000    00000000 =           0. bytes (ABS,CON)

      Value  Global                              Global Defined In Module
      -----  --------------------------------   ------------------------
     000000C0  _RXD1_                             uart
     000000C1  _P4_IN                             uart
     000000C2  _CAP3_                             uart
     000000C2  _P4_DIR                            uart
     000000C2  _PWM3_                             uart
     000000C3  _P4_PU                             uart
     000000C3  _PWM1_                             uart
     000000C4  _LED3                              uart
     000000C4  _P0_DIR                            uart
     000000C4  _TNOW_                             uart
     000000C4  _TXD1_                             uart
     000000C5  _P0_PU                             uart
     000000C5  _PWM2_                             uart
     000000C6  _PORT_CFG                          uart
     000000C6  _SCS_                              uart
     000000C7  _P5_IN                             uart
     000000C7  _SCK_                              uart
     000000C8  _CP_RL2                            uart
     000000C8  _T2CON                             uart
     000000C9  _C_T2                              uart
     000000C9  _T2MOD                             uart
     000000CA  _RCAP2L                            uart
     000000CA  _TR2                               uart
     000000CB  _EXEN2                             uart
     000000CB  _RCAP2H                            uart
     000000CC  _TCLK                              uart
     000000CC  _TL2                               uart
     000000CD  _RCLK                              uart
     000000CD  _TH2                               uart
     000000CE  _EXF2                              uart
     000000CE  _PIN_FUNC                          uart
     000000CF  _CAP1F                             uart
     000000CF  _GPIO_IE                           uart
     000000CF  _TF2                               uart
     000000D0  _P                                 uart
     000000D0  _PSW                               uart
     000000D1  _F1                                uart
     000000D1  _USB_RX_LEN                        uart
     000000D2  _OV                                uart
     000000D2  _UEP1_CTRL                         uart
     000000D3  _RS0                               uart
     000000D3  _UEP1_T_LEN                        uart
     000000D4  _RS1                               uart
     000000D4  _UEP2_CTRL                         uart
     000000D5  _F0                                uart
     000000D5  _UEP2_T_LEN                        uart
     000000D6  _AC                                uart
     000000D6  _UEP3_CTRL                         uart
     000000D7  _CY                                uart
     000000D7  _UEP3_T_LEN                        uart
     000000D8  _UIF_BUS_RST                       uart
ASxxxx Linker V03.00 + NoICE + sdld,  page 7.
Hexadecimal  [32-Bits]

Area                                    Addr        Size        Decimal Bytes (Attributes)
--------------------------------        ----        ----        ------- ----- ------------
.  .ABS.                            00000000    00000000 =           0. bytes (ABS,CON)

      Value  Global                              Global Defined In Module
      -----  --------------------------------   ------------------------
     000000D8  _UIF_DETECT                        uart
     000000D8  _USB_INT_FG                        uart
     000000D9  _UIF_TRANSFER                      uart
     000000D9  _USB_INT_ST                        uart
     000000DA  _UIF_SUSPEND                       uart
     000000DA  _USB_MIS_ST                        uart
     000000DB  _UIF_HST_SOF                       uart
     000000DB  _USB_HUB_ST                        uart
     000000DC  _UEP0_CTRL                         uart
     000000DC  _UIF_FIFO_OV                       uart
     000000DD  _UEP0_T_LEN                        uart
     000000DD  _U_SIE_FREE                        uart
     000000DE  _UEP4_CTRL                         uart
     000000DE  _U_TOG_OK                          uart
     000000DF  _UEP4_T_LEN                        uart
     000000DF  _U_IS_NAK                          uart
     000000E0  _ACC                               uart
     000000E1  _USB_INT_EN                        uart
     000000E2  _USB_CTRL                          uart
     000000E3  _USB_DEV_AD                        uart
     000000E4  _UDEV_CTRL                         uart
     000000E5  _UHUB1_CTRL                        uart
     000000E6  _USB_DMA_AL                        uart
     000000E7  _USB_DMA_AH                        uart
     000000E8  _IE_EX                             uart
     000000E8  _IE_SPI0                           uart
     000000E9  _IE_TMR3                           uart
     000000E9  _IP_EX                             uart
     000000EA  _IE_USB                            uart
     000000EA  _SLEEP_CTRL                        uart
     000000EB  _IE_ADC                            uart
     000000EB  _WAKE_CTRL                         uart
     000000EC  _ADC_DMA_AL                        uart
     000000EC  _IE_UART1                          uart
     000000ED  _ADC_DMA_AH                        uart
     000000ED  _IE_PWM1                           uart
     000000EE  _ADC_DMA_CN                        uart
     000000EE  _IE_GPIO                           uart
     000000EF  _ADC_CK_SE                         uart
     000000EF  _IE_WDOG                           uart
     000000F0  _B                                 uart
     000000F1  _ADC_STAT                          uart
     000000F2  _ADC_CTRL                          uart
     000000F3  _ADC_CHANN                         uart
     000000F4  _ADC_FIFO_L                        uart
     000000F5  _ADC_FIFO_H                        uart
     000000F5  _B_5                               _gptrget
     000000F6  _ADC_SETUP                         uart
     000000F6  _B_6                               _gptrget
     000000F7  _ADC_EX_SW                         uart
     000000F7  _B_7                               _gptrget
ASxxxx Linker V03.00 + NoICE + sdld,  page 8.
Hexadecimal  [32-Bits]

Area                                    Addr        Size        Decimal Bytes (Attributes)
--------------------------------        ----        ----        ------- ----- ------------
.  .ABS.                            00000000    00000000 =           0. bytes (ABS,CON)

      Value  Global                              Global Defined In Module
      -----  --------------------------------   ------------------------
     000000F8  _S0_R_FIFO0                        uart
     000000F8  _SPI0_STAT                         uart
     000000F9  _S0_R_FIFO1                        uart
     000000F9  _SPI0_DATA                         uart
     000000FA  _S0_T_FIFO                         uart
     000000FA  _SPI0_CTRL                         uart
     000000FB  _S0_FREE                           uart
     000000FB  _SPI0_CK_SE                        uart
     000000FC  _S0_IF_BYTE                        uart
     000000FC  _SPI0_SETUP                        uart
     000000FD  _S0_IF_FIRST                       uart
     000000FD  _XBUS_SPEED                        uart
     000000FE  _RESET_KEEP                        uart
     000000FE  _S0_IF_OV                          uart
     000000FF  _S0_FST_ACT                        uart
     000000FF  _WDOG_COUNT                        uart
     00000100  _TxBuffer                          USBHost
     00002446  _UEP4_1_MOD                        uart
     00002447  _UEP2_3_MOD                        uart
     00002448  _UEP0_DMA_H                        uart
     00002449  _UEP0_DMA_L                        uart
     0000244A  _UEP1_DMA_H                        uart
     0000244B  _UEP1_DMA_L                        uart
     0000244C  _UEP2_DMA                          uart
     0000244C  _UEP2_DMA_H                        uart
     0000244D  _UEP2_DMA_L                        uart
     0000244E  _UEP3_DMA                          uart
     0000244E  _UEP3_DMA_H                        uart
     0000244F  _UEP3_DMA_L                        uart
     00002546  _pUEP4_1_MOD                       uart
     00002547  _pUEP2_3_MOD                       uart
     00002548  _pUEP0_DMA_H                       uart
     00002549  _pUEP0_DMA_L                       uart
     0000254A  _pUEP1_DMA_H                       uart
     0000254B  _pUEP1_DMA_L                       uart
     0000254C  _pUEP2_DMA_H                       uart
     0000254D  _pUEP2_DMA_L                       uart
     0000254E  _pUEP3_DMA_H                       uart
     0000254F  _pUEP3_DMA_L                       uart
     00002880  _LED_STAT                          uart
     00002881  _LED_CTRL                          uart
     00002882  _LED_DATA                          uart
     00002883  _LED_CK_SE                         uart
     00002884  _LED_DMA_AH                        uart
     00002885  _LED_DMA_AL                        uart
     00002886  _LED_DMA_CN                        uart
     00002888  _LED_DMA_XH                        uart
     00002889  _LED_DMA_XL                        uart
     00002980  _pLED_STAT                         uart
     00002981  _pLED_CTRL                         uart
     00002982  _pLED_DATA                         uart
ASxxxx Linker V03.00 + NoICE + sdld,  page 9.
Hexadecimal  [32-Bits]

Area                                    Addr        Size        Decimal Bytes (Attributes)
--------------------------------        ----        ----        ------- ----- ------------
.  .ABS.                            00000000    00000000 =           0. bytes (ABS,CON)

      Value  Global                              Global Defined In Module
      -----  --------------------------------   ------------------------
     00002983  _pLED_CK_SE                        uart
     00002984  _pLED_DMA_AH                       uart
     00002985  _pLED_DMA_AL                       uart
     00002986  _pLED_DMA_CN                       uart
     00002988  _pLED_DMA_XH                       uart
     00002989  _pLED_DMA_XL                       uart
     00008584  _ROM_ADDR                          uart
     00008F8E  _ROM_DATA                          uart
     0000A5A4  _T3_COUNT                          uart
     0000A7A6  _T3_END                            uart
     0000ADAC  _T3_DMA                            uart
     0000AFAE  _T3_FIFO                           uart
     0000CBCA  _RCAP2                             uart
     0000CDCC  _T2COUNT                           uart
     0000E7E6  _USB_DMA                           uart
     0000EDEC  _ADC_DMA                           uart
     0000F5F4  _ADC_FIFO                          uart

ASxxxx Linker V03.00 + NoICE + sdld,  page 10.
Hexadecimal  [32-Bits]

Area                                    Addr        Size        Decimal Bytes (Attributes)
--------------------------------        ----        ----        ------- ----- ------------
BSEG_BYTES                          00000020    00000001 =           1. bytes (REL,CON)

      Value  Global                              Global Defined In Module
      -----  --------------------------------   ------------------------
ASxxxx Linker V03.00 + NoICE + sdld,  page 11.
Hexadecimal  [32-Bits]

Area                                    Addr        Size        Decimal Bytes (Attributes)
--------------------------------        ----        ----        ------- ----- ------------
REG_BANK_0                          00000000    00000008 =           8. bytes (REL,OVR)

      Value  Global                              Global Defined In Module
      -----  --------------------------------   ------------------------
ASxxxx Linker V03.00 + NoICE + sdld,  page 12.
Hexadecimal  [32-Bits]

Area                                    Addr        Size        Decimal Bytes (Attributes)
--------------------------------        ----        ----        ------- ----- ------------
DSEG                                00000000    00000079 =         121. bytes (REL,CON)

      Value  Global                              Global Defined In Module
      -----  --------------------------------   ------------------------
     00000008  _runBootloader                     uart
     00000014  _bp                                _bp

ASxxxx Linker V03.00 + NoICE + sdld,  page 13.
Hexadecimal  [32-Bits]

Area                                    Addr        Size        Decimal Bytes (Attributes)
--------------------------------        ----        ----        ------- ----- ------------
OSEG                                00000015    00000004 =           4. bytes (REL,OVR)

      Value  Global                              Global Defined In Module
      -----  --------------------------------   ------------------------
ASxxxx Linker V03.00 + NoICE + sdld,  page 14.
Hexadecimal  [32-Bits]

Area                                    Addr        Size        Decimal Bytes (Attributes)
--------------------------------        ----        ----        ------- ----- ------------
SSEG                                00000051    000000AF =         175. bytes (REL,OVR)

      Value  Global                              Global Defined In Module
      -----  --------------------------------   ------------------------
     00000051  __start__stack                     main

ASxxxx Linker V03.00 + NoICE + sdld,  page 15.
Hexadecimal  [32-Bits]

Area                                    Addr        Size        Decimal Bytes (Attributes)
--------------------------------        ----        ----        ------- ----- ------------
XSEG                                00000600    000006DF =        1759. bytes (REL,CON,XDATA)

      Value  Global                              Global Defined In Module
      -----  --------------------------------   ------------------------
D:   00000600  _opt_com_settings                  main
D:   00000601  _opt_wheel_enabled                 main
D:   00000602  _opt_rate_settings                 main
D:   00000603  _opt_irq_settings                  main
D:   00000604  _m_wheel                           main
D:   00000605  _mouse_rx_buf                      main
D:   00000615  _mouse_rx_buf_w                    main
D:   00000616  _mouse_rx_buf_r                    main
D:   00000617  _mouse_rx_buf_count                main
D:   00000618  _spi_tx_buf                        main
D:   00000717  _spi_tx_buf_w                      main
D:   00000718  _spi_tx_buf_r                      main
D:   00000719  _spi_tx_buf_count                  main
D:   0000071A  _mouse_start                       main
D:   0000071B  _mouse_enabled                     main
D:   0000071C  _device_init                       main
D:   0000071D  _allow_send_data                   main
D:   0000071E  _fatal_error                       main
D:   0000071F  _timer0_limit                      main
D:   00000761  _pinMode_PARM_2                    util
D:   00000762  _pinMode_PARM_3                    util
D:   00000782  _endpoint0Size                     USBHost
D:   00000783  _receiveDataBuffer                 USBHost
D:   00000983  _rootHubDevice                     USBHost
D:   0000098E  _selectHubPort_PARM_2              USBHost
D:   00000990  _hostTransfer_PARM_2               USBHost
D:   00000991  _hostTransfer_PARM_3               USBHost
D:   00000996  _hostCtrlTransfer_PARM_2           USBHost
D:   00000999  _hostCtrlTransfer_PARM_3           USBHost
D:   000009A2  _fillTxBuffer_PARM_2               USBHost
D:   000009A9  _convertStringDescriptor_PARM_2    USBHost
D:   000009AB  _convertStringDescriptor_PARM_3    USBHost
D:   000009AD  _convertStringDescriptor_PARM_4    USBHost
D:   000009B6  _HIDdevice                         USBHost
D:   000009F6  _VendorProductID                   USBHost
D:   00000A18  _parseHIDDeviceReport_PARM_2       USBHost
D:   00000A1A  _parseHIDDeviceReport_PARM_3       USBHost
D:   00000A2A  _readInterface_PARM_2              USBHost
D:   00000A2C  _readHIDInterface_PARM_2           USBHost
D:   00000C39  _uartRxBuff                        uart
D:   00000C7D  _sendProtocolMSG_PARM_2            uart
D:   00000C7F  _sendProtocolMSG_PARM_3            uart
D:   00000C80  _sendProtocolMSG_PARM_4            uart
D:   00000C81  _sendProtocolMSG_PARM_5            uart
D:   00000C82  _sendProtocolMSG_PARM_6            uart
D:   00000C85  _sendHidPollMSG_PARM_2             uart
D:   00000C87  _sendHidPollMSG_PARM_3             uart
D:   00000C88  _sendHidPollMSG_PARM_4             uart
D:   00000C89  _sendHidPollMSG_PARM_5             uart
D:   00000C8A  _sendHidPollMSG_PARM_6             uart
ASxxxx Linker V03.00 + NoICE + sdld,  page 16.
Hexadecimal  [32-Bits]

Area                                    Addr        Size        Decimal Bytes (Attributes)
--------------------------------        ----        ----        ------- ----- ------------
XSEG                                00000600    000006DF =        1759. bytes (REL,CON,XDATA)

      Value  Global                              Global Defined In Module
      -----  --------------------------------   ------------------------
D:   00000C8C  _sendHidPollMSG_PARM_7             uart
D:   00000C8D  _sendHidPollMSG_PARM_8             uart
D:   00000C8E  _sendHidPollMSG_PARM_9             uart
D:   00000C8F  _sendHidPollMSG_PARM_10            uart
D:   00000C91  __divuint_PARM_2                   _divuint
D:   00000C98  __divulong_PARM_2                  _divulong
D:   00000CA5  __gptrput_PARM_2                   _gptrput
D:   00000CA6  _vprintf_PARM_2                    vprintf
D:   00000CBB  __print_format_PARM_2              printf_large
D:   00000CBE  __print_format_PARM_3              printf_large
D:   00000CC1  __print_format_PARM_4              printf_large
D:   00000CDD  __mulint_PARM_2                    _mulint

ASxxxx Linker V03.00 + NoICE + sdld,  page 17.
Hexadecimal  [32-Bits]

Area                                    Addr        Size        Decimal Bytes (Attributes)
--------------------------------        ----        ----        ------- ----- ------------
XISEG                               00000CDF    00000001 =           1. bytes (REL,CON,XDATA)

      Value  Global                              Global Defined In Module
      -----  --------------------------------   ------------------------
D:   00000CDF  _rxPos                             uart

ASxxxx Linker V03.00 + NoICE + sdld,  page 18.
Hexadecimal  [32-Bits]

Area                                    Addr        Size        Decimal Bytes (Attributes)
--------------------------------        ----        ----        ------- ----- ------------
HOME                                00000000    00000043 =          67. bytes (REL,CON,CODE)

      Value  Global                              Global Defined In Module
      -----  --------------------------------   ------------------------
C:   0000003E  __sdcc_program_startup             main
C:   00000041  __sdcc_call_dptr                   

ASxxxx Linker V03.00 + NoICE + sdld,  page 19.
Hexadecimal  [32-Bits]

Area                                    Addr        Size        Decimal Bytes (Attributes)
--------------------------------        ----        ----        ------- ----- ------------
GSINIT0                             00000043    00000003 =           3. bytes (REL,CON,CODE)

      Value  Global                              Global Defined In Module
      -----  --------------------------------   ------------------------
C:   00000043  __sdcc_gsinit_startup              

ASxxxx Linker V03.00 + NoICE + sdld,  page 20.
Hexadecimal  [32-Bits]

Area                                    Addr        Size        Decimal Bytes (Attributes)
--------------------------------        ----        ----        ------- ----- ------------
GSINIT2                             00000046    0000000A =          10. bytes (REL,CON,CODE)

      Value  Global                              Global Defined In Module
      -----  --------------------------------   ------------------------
ASxxxx Linker V03.00 + NoICE + sdld,  page 21.
Hexadecimal  [32-Bits]

Area                                    Addr        Size        Decimal Bytes (Attributes)
--------------------------------        ----        ----        ------- ----- ------------
GSINIT3                             00000050    00000022 =          34. bytes (REL,CON,CODE)

      Value  Global                              Global Defined In Module
      -----  --------------------------------   ------------------------
C:   00000050  __mcs51_genXINIT                   

ASxxxx Linker V03.00 + NoICE + sdld,  page 22.
Hexadecimal  [32-Bits]

Area                                    Addr        Size        Decimal Bytes (Attributes)
--------------------------------        ----        ----        ------- ----- ------------
GSINIT4                             00000072    0000002A =          42. bytes (REL,CON,CODE)

      Value  Global                              Global Defined In Module
      -----  --------------------------------   ------------------------
C:   00000072  __mcs51_genRAMCLEAR                
C:   00000078  __mcs51_genXRAMCLEAR               

ASxxxx Linker V03.00 + NoICE + sdld,  page 23.
Hexadecimal  [32-Bits]

Area                                    Addr        Size        Decimal Bytes (Attributes)
--------------------------------        ----        ----        ------- ----- ------------
GSINIT                              0000009C    00000022 =          34. bytes (REL,CON,CODE)

      Value  Global                              Global Defined In Module
      -----  --------------------------------   ------------------------
ASxxxx Linker V03.00 + NoICE + sdld,  page 24.
Hexadecimal  [32-Bits]

Area                                    Addr        Size        Decimal Bytes (Attributes)
--------------------------------        ----        ----        ------- ----- ------------
GSFINAL                             000000BE    00000003 =           3. bytes (REL,CON,CODE)

      Value  Global                              Global Defined In Module
      -----  --------------------------------   ------------------------
ASxxxx Linker V03.00 + NoICE + sdld,  page 25.
Hexadecimal  [32-Bits]

Area                                    Addr        Size        Decimal Bytes (Attributes)
--------------------------------        ----        ----        ------- ----- ------------
CSEG                                000000C1    00004BA3 =       19363. bytes (REL,CON,CODE)

      Value  Global                              Global Defined In Module
      -----  --------------------------------   ------------------------
C:   00000110  _int0_isr                          main
C:   00000125  _timer0_isr                        main
C:   0000015C  _Timer3_ISR                        main
C:   00000163  _Timer2_ISR                        main
C:   000002B2  _flash_led                         main
C:   000002C2  _mouse_write                       main
C:   00000C8B  _main                              main
C:   00001338  _pinMode                           util
C:   00001727  _putchar                           util
C:   00001746  _getchar                           util
C:   00001754  _delayUs                           util
C:   000017A9  _delay                             util
C:   000017E6  _disableRootHubPort                USBHost
C:   0000181A  _initUSB_Host                      USBHost
C:   00001854  _setHostUsbAddr                    USBHost
C:   00001866  _setUsbSpeed                       USBHost
C:   0000187A  _resetRootHubPort                  USBHost
C:   000018CA  _enableRootHubPort                 USBHost
C:   0000198C  _selectHubPort                     USBHost
C:   000019BE  _hostTransfer                      USBHost
C:   00001B7F  _hostCtrlTransfer                  USBHost
C:   00001F48  _fillTxBuffer                      USBHost
C:   00001FC7  _getDeviceDescriptor               USBHost
C:   00002062  _setUsbAddress                     USBHost
C:   000020CE  _setUsbConfig                      USBHost
C:   000020FD  _getDeviceString                   USBHost
C:   00002120  _convertStringDescriptor           USBHost
C:   00002229  _DEBUG_OUT_USB_BUFFER              USBHost
C:   000022A9  _getConfigurationDescriptor        USBHost
C:   0000234E  _getInterfaceDescriptor            USBHost
C:   00002375  _resetHubDevices                   USBHost
C:   0000241D  _pollHIDdevice                     USBHost
C:   000025BE  _parseHIDDeviceReport              USBHost
C:   00003123  _getHIDDeviceReport                USBHost
C:   000032B1  _readInterface                     USBHost
C:   00003367  _readHIDInterface                  USBHost
C:   00003445  _readEndpoint                      USBHost
C:   00003446  _initializeRootHubConnection       USBHost
C:   00003B8F  _checkRootHubConnections           USBHost
C:   00003D23  _initUART0                         uart
C:   00003D9A  _processUart                       uart
C:   00003E44  _sendProtocolMSG                   uart
C:   00003F19  _sendHidPollMSG                    uart
C:   0000400E  __divuint                          _divuint
C:   0000409B  __divulong                         _divulong
C:   0000418F  __gptrput                          _gptrput
C:   000041B9  _vprintf                           vprintf
C:   000041F8  _printf                            vprintf
C:   000042FE  __print_format                     printf_large
C:   00004C0C  _strlen                            _strlen
ASxxxx Linker V03.00 + NoICE + sdld,  page 26.
Hexadecimal  [32-Bits]

Area                                    Addr        Size        Decimal Bytes (Attributes)
--------------------------------        ----        ----        ------- ----- ------------
CSEG                                000000C1    00004BA3 =       19363. bytes (REL,CON,CODE)

      Value  Global                              Global Defined In Module
      -----  --------------------------------   ------------------------
C:   00004C24  __mulint                           _mulint
C:   00004C44  __gptrget                          _gptrget
C:   00004C60  __sdcc_external_startup            _startup

ASxxxx Linker V03.00 + NoICE + sdld,  page 27.
Hexadecimal  [32-Bits]

Area                                    Addr        Size        Decimal Bytes (Attributes)
--------------------------------        ----        ----        ------- ----- ------------
CONST                               00004C64    0000065A =        1626. bytes (REL,CON,CODE)

      Value  Global                              Global Defined In Module
      -----  --------------------------------   ------------------------
C:   00004C74  _GetDeviceDescriptorRequest        USBHost
C:   00004C7C  _GetConfigurationDescriptorReque   USBHost
C:   00004C84  _GetInterfaceDescriptorRequest     USBHost
C:   00004C8C  _SetUSBAddressRequest              USBHost
C:   00004C94  _GetDeviceStringRequest            USBHost
C:   00004C9C  _SetupSetUsbConfig                 USBHost
C:   00004CA4  _SetHIDIdleRequest                 USBHost
C:   00004CAC  _GetHIDReport                      USBHost

ASxxxx Linker V03.00 + NoICE + sdld,  page 28.
Hexadecimal  [32-Bits]

Area                                    Addr        Size        Decimal Bytes (Attributes)
--------------------------------        ----        ----        ------- ----- ------------
XINIT                               000052BE    00000001 =           1. bytes (REL,CON,CODE)

      Value  Global                              Global Defined In Module
      -----  --------------------------------   ------------------------
ASxxxx Linker V03.00 + NoICE + sdld,  page 29.

Files Linked                              [ module(s) ]

build/main.rel                            [  ]
build/util.rel                            [  ]
build/USBHost.rel                         [  ]
build/uart.rel                            [  ]


Libraries Linked                          [ object file ]

/usr/bin/../share/sdcc/lib/large/libint.lib
                                          [ _divuint.rel ]
/usr/bin/../share/sdcc/lib/large/liblong.lib
                                          [ _divulong.rel ]
/usr/bin/../share/sdcc/lib/large/mcs51.lib
                                          [ crtclear.rel ]
/usr/bin/../share/sdcc/lib/large/mcs51.lib
                                          [ crtxinit.rel ]
/usr/bin/../share/sdcc/lib/large/libsdcc.lib
                                          [ _gptrput.rel ]
/usr/bin/../share/sdcc/lib/large/mcs51.lib
                                          [ crtxclear.rel ]
/usr/bin/../share/sdcc/lib/large/mcs51.lib
                                          [ crtcall.rel ]
/usr/bin/../share/sdcc/lib/large/libsdcc.lib
                                          [ vprintf.rel ]
/usr/bin/../share/sdcc/lib/large/libsdcc.lib
                                          [ printf_large.rel ]
/usr/bin/../share/sdcc/lib/large/mcs51.lib
                                          [ crtpagesfr.rel ]
/usr/bin/../share/sdcc/lib/large/libsdcc.lib
                                          [ _strlen.rel ]
/usr/bin/../share/sdcc/lib/large/libint.lib
                                          [ _mulint.rel ]
/usr/bin/../share/sdcc/lib/large/mcs51.lib
                                          [ crtstart.rel ]
/usr/bin/../share/sdcc/lib/large/libsdcc.lib
                                          [ _gptrget.rel ]
/usr/bin/../share/sdcc/lib/large/libsdcc.lib
                                          [ _startup.rel ]
/usr/bin/../share/sdcc/lib/large/libsdcc.lib
                                          [ _bp.rel ]

ASxxxx Linker V03.00 + NoICE + sdld,  page 30.

User Base Address Definitions

HOME = 0x0000
XSEG = 0x0600
PSEG = 0x0600
ISEG = 0x0000
BSEG = 0x0000

